[36mvite v7.3.1 [32mbuilding client environment for production...[36m[39m
transforming...
[32mΓ£ô[39m 7 modules transformed.
node.exe : [31mΓ£ù[39m 
Build failed in 130ms
At line:1 char:1
+ & "C:\Program 
Files\nodejs/node.exe" 
"C:\Program 
Files\nodejs/node_mo ...
+ ~~~~~~~~~~~~~~~~~~~~~~~~~~~
~~~~~~~~~~~~~~~~~~~~~~~~~~~~~
~~~~~~~~~~~~~
    + CategoryInfo           
   : NotSpecified: ([31mΓ£  
  ù[39m Build failed in 1   
 30ms:String) [], RemoteE    
xception
    + FullyQualifiedErrorId  
   : NativeCommandError
 
[31merror during build:
[31m[@tailwindcss/vite:gener
ate:build] Cannot apply 
unknown utility class `hover:
shadow-[0_0_20px_rgba(0,`[31
m
file: [36mD:/interview_prepa
rational/src/index.css[31m
    at onInvalidCandidate (fi
le:///D:/interview_preparatio
nal/node_modules/tailwindcss/
dist/chunk-L5IEUH3R.mjs:21:15
11)
    at $e (file:///D:/intervi
ew_preparational/node_modules
/tailwindcss/dist/chunk-L5IEU
H3R.mjs:16:36740)
    at file:///D:/interview_p
reparational/node_modules/tai
lwindcss/dist/chunk-L5IEUH3R.
mjs:21:355
    at Ar (file:///D:/intervi
ew_preparational/node_modules
/tailwindcss/dist/chunk-L5IEU
H3R.mjs:3:1733)
    at I (file:///D:/intervie
w_preparational/node_modules/
tailwindcss/dist/chunk-L5IEUH
3R.mjs:3:1377)
    at Ce (file:///D:/intervi
ew_preparational/node_modules
/tailwindcss/dist/chunk-L5IEU
H3R.mjs:21:172)
    at Gi (file:///D:/intervi
ew_preparational/node_modules
/tailwindcss/dist/chunk-L5IEU
H3R.mjs:38:294)
    at async ao (file:///D:/i
nterview_preparational/node_m
odules/tailwindcss/dist/chunk
-L5IEUH3R.mjs:38:631)
    at async vf (file:///D:/i
nterview_preparational/node_m
odules/tailwindcss/dist/chunk
-L5IEUH3R.mjs:38:1406)
    at async uu (file:///D:/i
nterview_preparational/node_m
odules/@tailwindcss/node/dist
/index.mjs:10:3458)[39m
